// Jest Snapshot v1, https://goo.gl/fbAQLP

exports[`scraping scrapes news correctly 1`] = `
Object {
  "attachments": Array [
    Object {
      "name": "2020-2021-c096-orario-di-ricevimento-parenti.pdf",
      "url": "https://www.alessandrinimainardi.edu.it/system/files/circolari/2020/2020-2021-c096-orario-di-ricevimento-parenti.pdf",
    },
  ],
  "date": 2020-10-22T22:00:00.000Z,
  "id": "96",
  "text": "Vittuone, 23/10/2020  

Ai Genitori  
sedi Vittuone e Corbetta 

Oggetto: **Ricevimento parenti per i genitori**

La circolare in oggetto è consultabile in allegato.

Il Dirigente scolastico  
**Prof.ssa Giovanna Ruggeri**",
  "title": " Ricevimento parenti per i genitori",
}
`;

exports[`scraping scrapes news list correctly 1`] = `
Array [
  "/circolari/ricevimento-parenti-i-genitori",
  "/circolari/ricevimento-parenti-i-docenti",
  "/circolari/autocertificazione-assenze-da-malattia-no-covid-19",
  "/circolari/orario-delle-lezioni-dal-19-ottobre-al-24-ottobre",
  "/circolari/ingressi-fuori-orario",
  "/circolari/precisazioni-sull-attuazione-dei-protocolli-di-contenimento-dell-epidemia",
  "/circolari/incontri-e-lezioni-corriere-della-sera",
  "/circolari/orario-delle-lezioni-dal-12-ottobre-al-17-ottobre",
  "/circolari/calendario-esame-di-abilitazione-odontotecnica",
  "/circolari/indicazioni-su-riammissione-studente-scuola",
  "/circolari/giornate-chiusura-istituto-s-2020-2021",
  "/circolari/distribuzione-libretti-giustificazioni",
  "/circolari/orario-delle-lezioni-dal-28-settembre-al-03-ottobre",
  "/circolari/esoneroora-alternativa-alla-religione-cattolica-1",
  "/circolari/gestione-ritardi-o-assenze-nei-collegamenti-da-remoto",
  "/circolari/calendario-scolastico-20202021",
  "/circolari/indicazioni-regione-lombardia-sulla-gestione-dei-casi-covid",
  "/circolari/orario-delle-lezioni-dal-21-al-26-settembre",
  "/circolari/gestione-assenze-studenti",
  "/circolari/quadro-orario-dal-15-settembre-al-19-settembre-classi-prime",
]
`;
